ets Jul 29 2019 12:21:46

rst:0x1 (POWERON_RESET),boot:0x13 (SPI_FAST_FLASH_BOOT)
configsip: 0, SPIWP:0xee
clk_drv:0x00,q_drv:0x00,d_drv:0x00,cs0_drv:0x00,hd_drv:0x00,wp_drv:0x00
mode:DIO, clock div:2
load:0x3fff0030,len:4200
load:0x40078000,len:15236
load:0x40080400,len:3332
entry 0x400805a8
DS ROMS []
Traceback (most recent call last):
  File "main.py", line 89, in <module>
  File "main.py", line 20, in __init__
  File "main.py", line 35, in init_display
  File "main.py", line 23, in write_cmd
OSError: [Errno 19] ENODEV
MicroPython v1.27.0 on 2025-12-09; Generic ESP32 module with ESP32
Type "help()" for more information.
>>> 

[boot signature: PASS (main.py line 89 ENODEV = station installed, OLED off the bus)]